// Jest Snapshot v1, https://goo.gl/fbAQLP

exports[`Salary input iorm page renders the form inputs and submit button 1`] = `
<div>
  <div
    class="form"
  >
    <form
      class="ant-form ant-form-inline css-dev-only-do-not-override-19lec04"
      id="basic"
    >
      <div
        class="ant-form-item css-dev-only-do-not-override-19lec04"
      >
        <div
          class="ant-row ant-form-item-row css-dev-only-do-not-override-19lec04"
        >
          <div
            class="ant-col ant-form-item-label css-dev-only-do-not-override-19lec04"
          >
            <label
              class="ant-form-item-required"
              for="basic_income"
              title="Annual Income"
            >
              Annual Income
            </label>
          </div>
          <div
            class="ant-col ant-form-item-control css-dev-only-do-not-override-19lec04"
          >
            <div
              class="ant-form-item-control-input"
            >
              <div
                class="ant-form-item-control-input-content"
              >
                <span
                  class="ant-input-affix-wrapper css-dev-only-do-not-override-19lec04 ant-input-outlined"
                >
                  <span
                    class="ant-input-prefix"
                  >
                    $
                  </span>
                  <input
                    aria-required="true"
                    class="ant-input css-dev-only-do-not-override-19lec04"
                    data-testid="income_input"
                    id="basic_income"
                    placeholder="0"
                    type="text"
                    value=""
                  />
                </span>
              </div>
            </div>
          </div>
        </div>
      </div>
      <div
        class="ant-form-item css-dev-only-do-not-override-19lec04"
      >
        <div
          class="ant-row ant-form-item-row css-dev-only-do-not-override-19lec04"
        >
          <div
            class="ant-col ant-form-item-label css-dev-only-do-not-override-19lec04"
          >
            <label
              class="ant-form-item-required"
              for="basic_year"
              title="Tax Year"
            >
              Tax Year
            </label>
          </div>
          <div
            class="ant-col ant-form-item-control css-dev-only-do-not-override-19lec04"
          >
            <div
              class="ant-form-item-control-input"
            >
              <div
                class="ant-form-item-control-input-content"
              >
                <div
                  aria-required="true"
                  class="ant-select ant-select-outlined ant-select-in-form-item formSelect css-dev-only-do-not-override-19lec04 ant-select-single ant-select-show-arrow"
                  data-testid="year_select"
                >
                  <div
                    class="ant-select-selector"
                  >
                    <span
                      class="ant-select-selection-wrap"
                    >
                      <span
                        class="ant-select-selection-search"
                      >
                        <input
                          aria-autocomplete="list"
                          aria-controls="basic_year_list"
                          aria-expanded="false"
                          aria-haspopup="listbox"
                          aria-owns="basic_year_list"
                          aria-required="true"
                          autocomplete="off"
                          class="ant-select-selection-search-input"
                          id="basic_year"
                          readonly=""
                          role="combobox"
                          style="opacity: 0;"
                          type="search"
                          unselectable="on"
                          value=""
                        />
                      </span>
                      <span
                        class="ant-select-selection-placeholder"
                      >
                        Select tax year
                      </span>
                    </span>
                  </div>
                  <span
                    aria-hidden="true"
                    class="ant-select-arrow"
                    style="user-select: none;"
                    unselectable="on"
                  >
                    <span
                      aria-label="down"
                      class="anticon anticon-down ant-select-suffix"
                      role="img"
                    >
                      <svg
                        aria-hidden="true"
                        data-icon="down"
                        fill="currentColor"
                        focusable="false"
                        height="1em"
                        viewBox="64 64 896 896"
                        width="1em"
                      >
                        <path
                          d="M884 256h-75c-5.1 0-9.9 2.5-12.9 6.6L512 654.2 227.9 262.6c-3-4.1-7.8-6.6-12.9-6.6h-75c-6.5 0-10.3 7.4-6.5 12.7l352.6 486.1c12.8 17.6 39 17.6 51.7 0l352.6-486.1c3.9-5.3.1-12.7-6.4-12.7z"
                        />
                      </svg>
                    </span>
                  </span>
                </div>
              </div>
            </div>
          </div>
        </div>
      </div>
      <div
        class="ant-form-item css-dev-only-do-not-override-19lec04"
      >
        <div
          class="ant-row ant-form-item-row css-dev-only-do-not-override-19lec04"
        >
          <div
            class="ant-col ant-form-item-control css-dev-only-do-not-override-19lec04"
          >
            <div
              class="ant-form-item-control-input"
            >
              <div
                class="ant-form-item-control-input-content"
              >
                <button
                  class="ant-btn css-dev-only-do-not-override-19lec04 ant-btn-primary ant-btn-color-primary ant-btn-variant-solid"
                  type="submit"
                >
                  <span>
                    Submit
                  </span>
                </button>
              </div>
            </div>
          </div>
        </div>
      </div>
    </form>
  </div>
</div>
`;
